SubmissionDate,name,image1,image2,meta-instanceID,KEY,isValidated
"Sep 10, 2019 9:12:21 AM",Guillermo,media/1568106703399.jpg,media/1568106729545.jpg,uuid:312799d4-a69a-4543-9007-c26e051ded7e,uuid:312799d4-a69a-4543-9007-c26e051ded7e,true
