SubmissionDate,name,image1,image2,meta-instanceID,KEY,isValidated
