SubmissionDate,name,image1,image2,meta-instanceID,KEY,isValidated
"Sep 27, 2018 9:20:53 AM",My name,media/1538040019351.jpg,media/1538040007350.jpg,uuid:482e83f3-fae6-43ba-a6e9-e438ffe348e3,uuid:482e83f3-fae6-43ba-a6e9-e438ffe348e3,true
