SubmissionDate,name,meta-instanceID,KEY,isValidated
"Apr 18, 2018 8:15:09 AM",Guillermo,uuid:494cd080-3bf4-47be-b40f-c706a950d58a,uuid:494cd080-3bf4-47be-b40f-c706a950d58a,true
