t3,PARENT_KEY,KEY,SET-OF-g3
some text 1.1.1,uuid:0a1b861f-a5fd-4f49-846a-78dcf06cfc1b/g1[1]/g2[1],uuid:0a1b861f-a5fd-4f49-846a-78dcf06cfc1b/g1[1]/g2[1]/g3[1],uuid:0a1b861f-a5fd-4f49-846a-78dcf06cfc1b/g1[1]/g2[1]/g3
some text 3.1.1,uuid:0a1b861f-a5fd-4f49-846a-78dcf06cfc1b/g1[3]/g2[1],uuid:0a1b861f-a5fd-4f49-846a-78dcf06cfc1b/g1[3]/g2[1]/g3[1],uuid:0a1b861f-a5fd-4f49-846a-78dcf06cfc1b/g1[3]/g2[1]/g3
some text 3.1.2,uuid:0a1b861f-a5fd-4f49-846a-78dcf06cfc1b/g1[3]/g2[1],uuid:0a1b861f-a5fd-4f49-846a-78dcf06cfc1b/g1[3]/g2[1]/g3[2],uuid:0a1b861f-a5fd-4f49-846a-78dcf06cfc1b/g1[3]/g2[1]/g3
some text 3.1.3,uuid:0a1b861f-a5fd-4f49-846a-78dcf06cfc1b/g1[3]/g2[1],uuid:0a1b861f-a5fd-4f49-846a-78dcf06cfc1b/g1[3]/g2[1]/g3[3],uuid:0a1b861f-a5fd-4f49-846a-78dcf06cfc1b/g1[3]/g2[1]/g3
some text 3.1.4,uuid:0a1b861f-a5fd-4f49-846a-78dcf06cfc1b/g1[3]/g2[1],uuid:0a1b861f-a5fd-4f49-846a-78dcf06cfc1b/g1[3]/g2[1]/g3[4],uuid:0a1b861f-a5fd-4f49-846a-78dcf06cfc1b/g1[3]/g2[1]/g3
some text 1.1.1,uuid:0a1b861f-a5fd-4f49-846a-78dcf06cfc1b/g1[1]/g2[1],uuid:0a1b861f-a5fd-4f49-846a-78dcf06cfc1b/g1[1]/g2[1]/g3[1],uuid:0a1b861f-a5fd-4f49-846a-78dcf06cfc1b/g1[1]/g2[1]/g3
some text 3.1.1,uuid:0a1b861f-a5fd-4f49-846a-78dcf06cfc1b/g1[3]/g2[1],uuid:0a1b861f-a5fd-4f49-846a-78dcf06cfc1b/g1[3]/g2[1]/g3[1],uuid:0a1b861f-a5fd-4f49-846a-78dcf06cfc1b/g1[3]/g2[1]/g3
some text 3.1.2,uuid:0a1b861f-a5fd-4f49-846a-78dcf06cfc1b/g1[3]/g2[1],uuid:0a1b861f-a5fd-4f49-846a-78dcf06cfc1b/g1[3]/g2[1]/g3[2],uuid:0a1b861f-a5fd-4f49-846a-78dcf06cfc1b/g1[3]/g2[1]/g3
some text 3.1.3,uuid:0a1b861f-a5fd-4f49-846a-78dcf06cfc1b/g1[3]/g2[1],uuid:0a1b861f-a5fd-4f49-846a-78dcf06cfc1b/g1[3]/g2[1]/g3[3],uuid:0a1b861f-a5fd-4f49-846a-78dcf06cfc1b/g1[3]/g2[1]/g3
some text 3.1.4,uuid:0a1b861f-a5fd-4f49-846a-78dcf06cfc1b/g1[3]/g2[1],uuid:0a1b861f-a5fd-4f49-846a-78dcf06cfc1b/g1[3]/g2[1]/g3[4],uuid:0a1b861f-a5fd-4f49-846a-78dcf06cfc1b/g1[3]/g2[1]/g3
