SubmissionDate,some_string,some_int,some_decimal,some_date,some_time,some_date_time,some_geopoint-Latitude,some_geopoint-Longitude,some_geopoint-Altitude,some_geopoint-Accuracy,some_geotrace,some_geoshape,some_barcode,meta-instanceID,KEY
"Apr 26, 2018 8:58:20 AM",Hola,123,123.456,"Apr 26, 2018",8:56:00 AM,"Apr 26, 2018 8:56:00 AM",43.3149254,-1.9869671,71.80000305175781,15.478,43.314926 -1.9869713 71.80000305175781 10.0;43.3149258 -1.9869694 71.80000305175781 10.0;43.3149258 -1.9869694 71.80000305175781 10.0;,43.31513313655808 -1.9863833114504814 0.0 0.0;43.31552832470026 -1.987161487340927 0.0 0.0;43.315044828733015 -1.9877894595265388 0.0 0.0;43.31459255404834 -1.9869402050971987 0.0 0.0;43.31513313655808 -1.9863833114504814 0.0 0.0;,000049499094,uuid:39f3dd36-161e-45cb-a1a4-395831d253a7,uuid:39f3dd36-161e-45cb-a1a4-395831d253a7
