SubmissionDate,some_string,some_int,some_decimal,some_date,some_time,some_date_time,some_geopoint-Latitude,some_geopoint-Longitude,some_geopoint-Altitude,some_geopoint-Accuracy,some_geotrace,some_geoshape,some_barcode,meta-instanceID,KEY
"Apr 26, 2018 8:58:20 AM","","","",,,,,,,,"","","",uuid:39f3dd36-161e-45cb-a1a4-395831d253a7,uuid:39f3dd36-161e-45cb-a1a4-395831d253a7
