SubmissionDate,SET-OF-group,meta-instanceID,KEY
"Mar 17, 2019 10:14:18 AM",uuid:a21ca0ad-db7e-4ef5-b7ea-d73dd4a42bf0/group,uuid:a21ca0ad-db7e-4ef5-b7ea-d73dd4a42bf0,uuid:a21ca0ad-db7e-4ef5-b7ea-d73dd4a42bf0
