category,item,PARENT_KEY,KEY,SET-OF-group
1,1,uuid:a21ca0ad-db7e-4ef5-b7ea-d73dd4a42bf0,uuid:a21ca0ad-db7e-4ef5-b7ea-d73dd4a42bf0/group[1],uuid:a21ca0ad-db7e-4ef5-b7ea-d73dd4a42bf0/group
