SubmissionDate,name,image,meta-instanceID,KEY,isValidated
