SubmissionDate,name,image,meta-instanceID,KEY,isValidated
"May 15, 2018 7:52:27 PM",My name,media/1526413928119.jpg,uuid:d467f4ee-c302-4f0a-9230-20d57fcbc822,uuid:d467f4ee-c302-4f0a-9230-20d57fcbc822,true
