SubmissionDate,image,KEY
"Apr 18, 2018 7:34:28 AM",1524644764247.jpg,uuid:98a1380a-0b3d-40f2-be44-ca8d107d4528
