SubmissionDate,meta-instanceID,SET-OF-g1,KEY
"Feb 1, 2018 11:35:19 AM",uuid:0a1b861f-a5fd-4f49-846a-78dcf06cfc1b,uuid:0a1b861f-a5fd-4f49-846a-78dcf06cfc1b/g1,uuid:0a1b861f-a5fd-4f49-846a-78dcf06cfc1b
"Feb 1, 2018 11:35:19 AM",uuid:0a1b861f-a5fd-4f49-846a-78dcf06cfc1b,uuid:0a1b861f-a5fd-4f49-846a-78dcf06cfc1b/g1,uuid:0a1b861f-a5fd-4f49-846a-78dcf06cfc1b
