t2,SET-OF-g3,PARENT_KEY,KEY,SET-OF-g2
some text 1.1,uuid:0a1b861f-a5fd-4f49-846a-78dcf06cfc1b/g1[1]/g2[1]/g3,uuid:0a1b861f-a5fd-4f49-846a-78dcf06cfc1b/g1[1],uuid:0a1b861f-a5fd-4f49-846a-78dcf06cfc1b/g1[1]/g2[1],uuid:0a1b861f-a5fd-4f49-846a-78dcf06cfc1b/g1[1]/g2
some text 1.2,,uuid:0a1b861f-a5fd-4f49-846a-78dcf06cfc1b/g1[1],uuid:0a1b861f-a5fd-4f49-846a-78dcf06cfc1b/g1[1]/g2[2],uuid:0a1b861f-a5fd-4f49-846a-78dcf06cfc1b/g1[1]/g2
some text 2.1,,uuid:0a1b861f-a5fd-4f49-846a-78dcf06cfc1b/g1[2],uuid:0a1b861f-a5fd-4f49-846a-78dcf06cfc1b/g1[2]/g2[1],uuid:0a1b861f-a5fd-4f49-846a-78dcf06cfc1b/g1[2]/g2
some text 3.1,uuid:0a1b861f-a5fd-4f49-846a-78dcf06cfc1b/g1[3]/g2[1]/g3,uuid:0a1b861f-a5fd-4f49-846a-78dcf06cfc1b/g1[3],uuid:0a1b861f-a5fd-4f49-846a-78dcf06cfc1b/g1[3]/g2[1],uuid:0a1b861f-a5fd-4f49-846a-78dcf06cfc1b/g1[3]/g2
