SubmissionDate,meta-instanceID,some_text,KEY
"Jan 1, 2018 12:00:00 AM",,"",uuid00000000-0000-0000-0000-000000000000
