SubmissionDate,field,Field,meta-instanceID,KEY
"Feb 1, 2018 11:35:19 AM",Some value,"Jan 1, 2019 12:00:00 AM",uuid:0a1b861f-a5fd-4f49-846a-78dcf06cfc1b,uuid:0a1b861f-a5fd-4f49-846a-78dcf06cfc1b
